[debug] [2025-01-11T14:32:35.626Z] ----------------------------------------------------------------------
[debug] [2025-01-11T14:32:35.627Z] Command:       C:\Program Files\nodejs\node.exe C:\Users\diksh\AppData\Roaming\npm\node_modules\firebase-tools\lib\bin\firebase.js init
[debug] [2025-01-11T14:32:35.628Z] CLI Version:   13.29.1
[debug] [2025-01-11T14:32:35.628Z] Platform:      win32
[debug] [2025-01-11T14:32:35.628Z] Node Version:  v22.11.0
[debug] [2025-01-11T14:32:35.628Z] Time:          Sat Jan 11 2025 20:02:35 GMT+0530 (India Standard Time)
[debug] [2025-01-11T14:32:35.628Z] ----------------------------------------------------------------------
[debug] 
[debug] [2025-01-11T14:32:35.633Z] > command requires scopes: ["email","openid","https://www.googleapis.com/auth/cloudplatformprojects.readonly","https://www.googleapis.com/auth/firebase","https://www.googleapis.com/auth/cloud-platform"]
[debug] [2025-01-11T14:32:35.634Z] > authorizing via signed-in user (dikshitanath73@gmail.com)
[info] 
     ######## #### ########  ######## ########     ###     ######  ########
     ##        ##  ##     ## ##       ##     ##  ##   ##  ##       ##
     ######    ##  ########  ######   ########  #########  ######  ######
     ##        ##  ##    ##  ##       ##     ## ##     ##       ## ##
     ##       #### ##     ## ######## ########  ##     ##  ######  ########

You're about to initialize a Firebase project in this directory:

  C:\Users\diksh\OneDrive\Desktop\Grocery Mart

[info] 
=== Project Setup
[info] 
[info] First, let's associate this project directory with a Firebase project.
[info] You can create multiple project aliases by running firebase use --add, 
[info] but for now we'll just set up a default project.
[info] 
[info] i  If you want to create a project in a Google Cloud organization or folder, please use "firebase projects:create" instead, and return to this command when you've created the project. 
[debug] [2025-01-11T14:33:24.715Z] Checked if tokens are valid: true, expires at: 1736608976404
[debug] [2025-01-11T14:33:24.716Z] Checked if tokens are valid: true, expires at: 1736608976404
[debug] [2025-01-11T14:33:24.718Z] >>> [apiv2][query] POST https://cloudresourcemanager.googleapis.com/v1/projects [none]
[debug] [2025-01-11T14:33:24.718Z] >>> [apiv2][body] POST https://cloudresourcemanager.googleapis.com/v1/projects {"projectId":"my-grocery-app-123","name":"my-grocery-app"}
[debug] [2025-01-11T14:33:27.001Z] <<< [apiv2][status] POST https://cloudresourcemanager.googleapis.com/v1/projects 409
[debug] [2025-01-11T14:33:27.001Z] <<< [apiv2][body] POST https://cloudresourcemanager.googleapis.com/v1/projects {"error":{"code":409,"message":"Requested entity already exists","status":"ALREADY_EXISTS"}}
[debug] [2025-01-11T14:33:28.009Z] FirebaseError: Request to https://cloudresourcemanager.googleapis.com/v1/projects had HTTP Error: 409, Requested entity already exists
    at responseToError (C:\Users\diksh\AppData\Roaming\npm\node_modules\firebase-tools\lib\responseToError.js:52:12)
    at RetryOperation._fn (C:\Users\diksh\AppData\Roaming\npm\node_modules\firebase-tools\lib\apiv2.js:312:77)
    at process.processTicksAndRejections (node:internal/process/task_queues:105:5)
[error] 
[error] Error: Failed to create project because there is already a project with ID my-grocery-app-123. Please try again with a unique project ID.
[debug] [2025-01-11T14:33:40.174Z] ----------------------------------------------------------------------
[debug] [2025-01-11T14:33:40.176Z] Command:       C:\Program Files\nodejs\node.exe C:\Users\diksh\AppData\Roaming\npm\node_modules\firebase-tools\lib\bin\firebase.js init
[debug] [2025-01-11T14:33:40.176Z] CLI Version:   13.29.1
[debug] [2025-01-11T14:33:40.177Z] Platform:      win32
[debug] [2025-01-11T14:33:40.177Z] Node Version:  v22.11.0
[debug] [2025-01-11T14:33:40.177Z] Time:          Sat Jan 11 2025 20:03:40 GMT+0530 (India Standard Time)
[debug] [2025-01-11T14:33:40.177Z] ----------------------------------------------------------------------
[debug] 
[debug] [2025-01-11T14:33:40.183Z] > command requires scopes: ["email","openid","https://www.googleapis.com/auth/cloudplatformprojects.readonly","https://www.googleapis.com/auth/firebase","https://www.googleapis.com/auth/cloud-platform"]
[debug] [2025-01-11T14:33:40.183Z] > authorizing via signed-in user (dikshitanath73@gmail.com)
[info] 
     ######## #### ########  ######## ########     ###     ######  ########
     ##        ##  ##     ## ##       ##     ##  ##   ##  ##       ##
     ######    ##  ########  ######   ########  #########  ######  ######
     ##        ##  ##    ##  ##       ##     ## ##     ##       ## ##
     ##       #### ##     ## ######## ########  ##     ##  ######  ########

You're about to initialize a Firebase project in this directory:

  C:\Users\diksh\OneDrive\Desktop\Grocery Mart

[info] 
=== Project Setup
[info] 
[info] First, let's associate this project directory with a Firebase project.
[info] You can create multiple project aliases by running firebase use --add, 
[info] but for now we'll just set up a default project.
[info] 
[debug] [2025-01-11T14:33:59.115Z] Checked if tokens are valid: true, expires at: 1736608976404
[debug] [2025-01-11T14:33:59.116Z] Checked if tokens are valid: true, expires at: 1736608976404
[debug] [2025-01-11T14:33:59.118Z] >>> [apiv2][query] GET https://firebase.googleapis.com/v1beta1/availableProjects pageSize=100
[debug] [2025-01-11T14:34:01.820Z] <<< [apiv2][status] GET https://firebase.googleapis.com/v1beta1/availableProjects 200
[debug] [2025-01-11T14:34:01.820Z] <<< [apiv2][body] GET https://firebase.googleapis.com/v1beta1/availableProjects [omitted]
[debug] [2025-01-11T14:34:06.373Z] Checked if tokens are valid: true, expires at: 1736608976404
[debug] [2025-01-11T14:34:06.374Z] Checked if tokens are valid: true, expires at: 1736608976404
[debug] [2025-01-11T14:34:06.374Z] >>> [apiv2][query] POST https://firebase.googleapis.com/v1beta1/projects/my-grocery-app-123:addFirebase [none]
[debug] [2025-01-11T14:34:07.025Z] <<< [apiv2][status] POST https://firebase.googleapis.com/v1beta1/projects/my-grocery-app-123:addFirebase 403
[debug] [2025-01-11T14:34:07.025Z] <<< [apiv2][body] POST https://firebase.googleapis.com/v1beta1/projects/my-grocery-app-123:addFirebase {"error":{"code":403,"message":"The caller does not have permission","status":"PERMISSION_DENIED"}}
[debug] [2025-01-11T14:34:07.026Z] Request to https://firebase.googleapis.com/v1beta1/projects/my-grocery-app-123:addFirebase had HTTP Error: 403, The caller does not have permission
[debug] [2025-01-11T14:34:07.878Z] FirebaseError: Request to https://firebase.googleapis.com/v1beta1/projects/my-grocery-app-123:addFirebase had HTTP Error: 403, The caller does not have permission
    at responseToError (C:\Users\diksh\AppData\Roaming\npm\node_modules\firebase-tools\lib\responseToError.js:52:12)
    at RetryOperation._fn (C:\Users\diksh\AppData\Roaming\npm\node_modules\firebase-tools\lib\apiv2.js:312:77)
    at process.processTicksAndRejections (node:internal/process/task_queues:105:5)
[error] 
[error] Error: Failed to add Firebase to Google Cloud Platform project. See firebase-debug.log for more info.
[debug] [2025-01-11T14:34:25.314Z] ----------------------------------------------------------------------
[debug] [2025-01-11T14:34:25.316Z] Command:       C:\Program Files\nodejs\node.exe C:\Users\diksh\AppData\Roaming\npm\node_modules\firebase-tools\lib\bin\firebase.js init
[debug] [2025-01-11T14:34:25.316Z] CLI Version:   13.29.1
[debug] [2025-01-11T14:34:25.316Z] Platform:      win32
[debug] [2025-01-11T14:34:25.316Z] Node Version:  v22.11.0
[debug] [2025-01-11T14:34:25.316Z] Time:          Sat Jan 11 2025 20:04:25 GMT+0530 (India Standard Time)
[debug] [2025-01-11T14:34:25.316Z] ----------------------------------------------------------------------
[debug] 
[debug] [2025-01-11T14:34:25.321Z] > command requires scopes: ["email","openid","https://www.googleapis.com/auth/cloudplatformprojects.readonly","https://www.googleapis.com/auth/firebase","https://www.googleapis.com/auth/cloud-platform"]
[debug] [2025-01-11T14:34:25.322Z] > authorizing via signed-in user (dikshitanath73@gmail.com)
[info] 
     ######## #### ########  ######## ########     ###     ######  ########
     ##        ##  ##     ## ##       ##     ##  ##   ##  ##       ##
     ######    ##  ########  ######   ########  #########  ######  ######
     ##        ##  ##    ##  ##       ##     ## ##     ##       ## ##
     ##       #### ##     ## ######## ########  ##     ##  ######  ########

You're about to initialize a Firebase project in this directory:

  C:\Users\diksh\OneDrive\Desktop\Grocery Mart

[info] 
=== Project Setup
[info] 
[info] First, let's associate this project directory with a Firebase project.
[info] You can create multiple project aliases by running firebase use --add, 
[info] but for now we'll just set up a default project.
[info] 
[debug] [2025-01-11T14:34:52.254Z] Checked if tokens are valid: true, expires at: 1736608976404
[debug] [2025-01-11T14:34:52.254Z] Checked if tokens are valid: true, expires at: 1736608976404
[debug] [2025-01-11T14:34:52.256Z] >>> [apiv2][query] GET https://firebase.googleapis.com/v1beta1/availableProjects pageSize=100
[debug] [2025-01-11T14:34:54.235Z] <<< [apiv2][status] GET https://firebase.googleapis.com/v1beta1/availableProjects 200
[debug] [2025-01-11T14:34:54.236Z] <<< [apiv2][body] GET https://firebase.googleapis.com/v1beta1/availableProjects [omitted]
[debug] [2025-01-11T14:34:56.844Z] Checked if tokens are valid: true, expires at: 1736608976404
[debug] [2025-01-11T14:34:56.845Z] Checked if tokens are valid: true, expires at: 1736608976404
[debug] [2025-01-11T14:34:56.845Z] >>> [apiv2][query] POST https://firebase.googleapis.com/v1beta1/projects/my-grocery-app-123:addFirebase [none]
[debug] [2025-01-11T14:34:57.716Z] <<< [apiv2][status] POST https://firebase.googleapis.com/v1beta1/projects/my-grocery-app-123:addFirebase 403
[debug] [2025-01-11T14:34:57.719Z] <<< [apiv2][body] POST https://firebase.googleapis.com/v1beta1/projects/my-grocery-app-123:addFirebase {"error":{"code":403,"message":"The caller does not have permission","status":"PERMISSION_DENIED"}}
[debug] [2025-01-11T14:34:57.721Z] Request to https://firebase.googleapis.com/v1beta1/projects/my-grocery-app-123:addFirebase had HTTP Error: 403, The caller does not have permission
[debug] [2025-01-11T14:34:59.145Z] FirebaseError: Request to https://firebase.googleapis.com/v1beta1/projects/my-grocery-app-123:addFirebase had HTTP Error: 403, The caller does not have permission
    at responseToError (C:\Users\diksh\AppData\Roaming\npm\node_modules\firebase-tools\lib\responseToError.js:52:12)
    at RetryOperation._fn (C:\Users\diksh\AppData\Roaming\npm\node_modules\firebase-tools\lib\apiv2.js:312:77)
    at process.processTicksAndRejections (node:internal/process/task_queues:105:5)
[error] 
[error] Error: Failed to add Firebase to Google Cloud Platform project. See firebase-debug.log for more info.
